
> stata-workbench@0.9.0 pretest:integration
> npm run compile


> stata-workbench@0.9.0 compile
> node ./build/esbuild.js

[watch] build started
[watch] build finished
[watch] build started
[watch] build finished

> stata-workbench@0.9.0 test:integration
> node -e "process.env.MCP_STATA_INTEGRATION='1'; require('./test/integration/runTest');"

- Resolving version...
✔ Validated version: 1.107.1
✔ Found existing install in /Users/tom/Library/CloudStorage/Dropbox/projects/stata-workbench/.vscode-test/vscode-darwin-arm64-1.107.1
[90m[main 2025-12-28T03:23:32.124Z][0m update#setState disabled
[90m[main 2025-12-28T03:23:32.128Z][0m update#ctor - updates are disabled by the environment
ChatSessionStore: Migrating 0 chat sessions from storage service to file system
Started local extension host with pid 82337.
Started initializing default profile extensions in extensions installation folder. file:///var/folders/4h/57tv1nhj11g23lnw73k0csm40000gn/T/vscode-test-exts-UvSERZ
MCP Registry configured: https://api.mcp.github.com
Completed initializing default profile extensions in extensions installation folder. file:///var/folders/4h/57tv1nhj11g23lnw73k0csm40000gn/T/vscode-test-exts-UvSERZ
Loading development extension at /Users/tom/Library/CloudStorage/Dropbox/projects/stata-workbench
Settings Sync: Account status changed from uninitialized to unavailable
[INTEGRATION] MCP_STATA_INTEGRATION: 1
[mcp-stata] setLogger called - logger is now active
[DataBrowserPanel] Fetching UI channel details...
[mcp-stata] Found server config in /var/folders/4h/57tv1nhj11g23lnw73k0csm40000gn/T/stata-wb-ws-JhdPtP/.vscode/mcp.json
[mcp-stata] Creating StdioClientTransport
[mcp-stata] Config source: /var/folders/4h/57tv1nhj11g23lnw73k0csm40000gn/T/stata-wb-ws-JhdPtP/.vscode/mcp.json
[mcp-stata] Command: uv
[mcp-stata] Args: ["run","--directory","/Users/tom/Library/CloudStorage/Dropbox/projects/mcp-stata","mcp-stata"]
[mcp-stata] Transport created. Has stderr: true, type: object
[mcp-stata] Transport keys: _readBuffer, _stderrStream, _serverParams
[mcp-stata] Setting up transport.stderr listener
Starting mcp-stata via uvx --from /Users/tom/Library/CloudStorage/Dropbox/projects/mcp-stata mcp-stata (ext v0.9.0)
[DataBrowserPanel] Webview reported ready.
[DataBrowser Webview] [DataBrowser Webview] Bootstrap complete. Sending early ready...
[DataBrowser Webview] [DataBrowser Webview] Bootstrap complete. Sending early ready...
[DataBrowserPanel] Webview reported ready.
[DataBrowser Webview] [DataBrowser Webview] Webview script initialized. Sending ready message...
[DataBrowser Webview] [DataBrowser Webview] Webview script initialized. Sending ready message...
[DataBrowserPanel] Webview reported ready.
[DataBrowser Webview] [DataBrowser Webview] Sending ready message...
[DataBrowser Webview] [DataBrowser Webview] Sending ready message...
[DataBrowserPanel] Webview reported ready.
[mcp-stata stderr] [mcp_stata] INFO: === mcp-stata server starting ===
[mcp_stata] INFO: === mcp-stata server starting ===
[mcp-stata stderr] [mcp_stata] INFO: mcp-stata version: 1.8.1.dev1+g622bd8e5e
[mcp_stata] INFO: mcp-stata version: 1.8.1.dev1+g622bd8e5e
[mcp_stata] INFO: STATA_PATH env at startup: <not set>
[mcp_stata] INFO: STATA_PATH env at startup: <not set>
[mcp_stata] INFO: LOG_LEVEL: DEBUG
[mcp_stata] INFO: LOG_LEVEL: DEBUG
[mcp-stata stderr] [mcp.server.lowlevel.server] DEBUG: Initializing server 'mcp_stata'
[mcp-stata stderr] [mcp.server.lowlevel.server] DEBUG: Registering handler for ListToolsRequest
[mcp.server.lowlevel.server] DEBUG: Registering handler for CallToolRequest
[mcp-stata stderr] [mcp.server.lowlevel.server] DEBUG: Registering handler for ListResourcesRequest
[mcp.server.lowlevel.server] DEBUG: Registering handler for ReadResourceRequest
[mcp.server.lowlevel.server] DEBUG: Registering handler for PromptListRequest
[mcp-stata stderr] [mcp.server.lowlevel.server] DEBUG: Registering handler for GetPromptRequest
[mcp.server.lowlevel.server] DEBUG: Registering handler for ListResourceTemplatesRequest
[mcp-stata stderr] [mcp.server.fastmcp.resources.resource_manager] DEBUG: Adding resource
[mcp-stata stderr] [mcp.server.fastmcp.resources.resource_manager] DEBUG: Adding resource
[mcp.server.fastmcp.resources.resource_manager] DEBUG: Adding resource
[mcp-stata stderr] [mcp.server.fastmcp.resources.resource_manager] DEBUG: Adding resource
[mcp-stata stderr] [mcp.server.fastmcp.resources.resource_manager] DEBUG: Adding resource
[mcp-stata stderr] [asyncio] DEBUG: Using selector: KqueueSelector
mcp-stata connected (pid=82442)
[mcp-stata] Post-connect: Found process stderr, attaching listener
[mcp-stata stderr] [mcp.server.lowlevel.server] DEBUG: Received message: root=InitializedNotification(method='notifications/initialized', params=None, jsonrpc='2.0')
[mcp-stata stderr] [mcp.server.lowlevel.server] DEBUG: Received message: root=InitializedNotification(method='notifications/initialized', params=None, jsonrpc='2.0')
[mcp-stata stderr] [mcp.server.lowlevel.server] DEBUG: Received message: <mcp.shared.session.RequestResponder object at 0x10f537d90>
[mcp-stata stderr] [mcp.server.lowlevel.server] DEBUG: Received message: <mcp.shared.session.RequestResponder object at 0x10f537d90>
[mcp-stata stderr] [mcp.server.lowlevel.server] INFO: Processing request of type ListToolsRequest
[mcp-stata stderr] [mcp.server.lowlevel.server] INFO: Processing request of type ListToolsRequest
[mcp-stata stderr] [mcp.server.lowlevel.server] DEBUG: Dispatching request of type ListToolsRequest
[mcp-stata stderr] [mcp.server.lowlevel.server] DEBUG: Dispatching request of type ListToolsRequest
[mcp-stata stderr] [mcp.server.lowlevel.server] DEBUG: Response sent
[mcp-stata stderr] [mcp.server.lowlevel.server] DEBUG: Response sent
[mcp-stata] available tools: run_command, read_log, get_data, get_ui_channel, describe, list_graphs, export_graph, get_help, get_stored_results, load_data, codebook, run_do_file, get_variable_list, export_graphs_all
[mcp-stata stderr] [mcp.server.lowlevel.server] DEBUG: Received message: <mcp.shared.session.RequestResponder object at 0x10f537ed0>
[mcp-stata stderr] [mcp.server.lowlevel.server] DEBUG: Received message: <mcp.shared.session.RequestResponder object at 0x10f537ed0>
[mcp-stata stderr] [mcp.server.lowlevel.server] INFO: Processing request of type CallToolRequest
[mcp.server.lowlevel.server] DEBUG: Dispatching request of type CallToolRequest
[mcp-stata stderr] [mcp.server.lowlevel.server] INFO: Processing request of type CallToolRequest
[mcp.server.lowlevel.server] DEBUG: Dispatching request of type CallToolRequest
[mcp-stata stderr] [mcp.server.lowlevel.server] DEBUG: Response sent
[mcp-stata stderr] [mcp.server.lowlevel.server] DEBUG: Response sent
[DataBrowserPanel] Credentials fetched.
[DataBrowserPanel] Webview already ready, sending init.
[DataBrowser Webview] [DataBrowser Webview] Received init message. BaseURL: http://127.0.0.1:52916
[DataBrowser Webview] [DataBrowser Webview] Received init message. BaseURL: http://127.0.0.1:52916
[DataBrowser Webview] [DataBrowser Webview] Initializing Browser...
[DataBrowser Webview] [DataBrowser Webview] Initializing Browser...
[DataBrowser Webview] [DataBrowser] API Call (Proxy): GET http://127.0.0.1:52916/v1/dataset
[DataBrowser Webview] [DataBrowser] API Call (Proxy): GET http://127.0.0.1:52916/v1/dataset
[DataBrowser Proxy] Sending GET request to http://127.0.0.1:52916/v1/dataset
[mcp-stata stderr] [mcp_stata] INFO: STATA_PATH env not set; attempting auto-discovery
[mcp_stata] INFO: STATA_PATH env not set; attempting auto-discovery
[mcp-stata stderr] [mcp_stata] INFO: STATA_PATH env not set; attempting auto-discovery
[mcp_stata] INFO: STATA_PATH env not set; attempting auto-discovery
[mcp-stata stderr] [mcp_stata] INFO: mcp-stata version: 1.8.1.dev1+g622bd8e5e
[mcp_stata] INFO: mcp-stata version: 1.8.1.dev1+g622bd8e5e
[mcp-stata stderr] [mcp_stata] INFO: mcp-stata version: 1.8.1.dev1+g622bd8e5e
[mcp_stata] INFO: mcp-stata version: 1.8.1.dev1+g622bd8e5e
[mcp-stata stderr] [mcp_stata.discovery] INFO: Auto-discovered Stata at /Applications/StataNow/StataMP.app/Contents/MacOS/stata-mp (mp)
[mcp_stata.discovery] INFO: Auto-discovered Stata at /Applications/StataNow/StataMP.app/Contents/MacOS/stata-mp (mp)
[mcp-stata stderr] [mcp_stata.discovery] INFO: Auto-discovered Stata at /Applications/StataNow/StataMP.app/Contents/MacOS/stata-mp (mp)
[mcp_stata.discovery] INFO: Auto-discovered Stata at /Applications/StataNow/StataMP.app/Contents/MacOS/stata-mp (mp)
[mcp-stata stderr] [mcp_stata] INFO: Discovery found Stata at: /Applications/StataNow/StataMP.app/Contents/MacOS/stata-mp (mp)
[mcp_stata] INFO: Discovery found Stata at: /Applications/StataNow/StataMP.app/Contents/MacOS/stata-mp (mp)
[mcp-stata stderr] [mcp_stata] INFO: Discovery found Stata at: /Applications/StataNow/StataMP.app/Contents/MacOS/stata-mp (mp)
[mcp_stata] INFO: Discovery found Stata at: /Applications/StataNow/StataMP.app/Contents/MacOS/stata-mp (mp)
[mcp-stata stderr] [mcp_stata] DEBUG: stata_setup.config succeeded with path: /Applications/StataNow
[mcp_stata] DEBUG: stata_setup.config succeeded with path: /Applications/StataNow
[mcp_stata] INFO: StataClient initialized successfully with /Applications/StataNow/StataMP.app/Contents/MacOS/stata-mp (mp)
[mcp_stata] INFO: StataClient initialized successfully with /Applications/StataNow/StataMP.app/Contents/MacOS/stata-mp (mp)
[mcp-stata stderr] [mcp_stata] DEBUG: stata_setup.config succeeded with path: /Applications/StataNow
[mcp_stata] DEBUG: stata_setup.config succeeded with path: /Applications/StataNow
[mcp_stata] INFO: StataClient initialized successfully with /Applications/StataNow/StataMP.app/Contents/MacOS/stata-mp (mp)
[mcp_stata] INFO: StataClient initialized successfully with /Applications/StataNow/StataMP.app/Contents/MacOS/stata-mp (mp)
[DataBrowser Proxy] Response from /v1/dataset: Status 200, Body length: 117
[DataBrowser Webview] [DataBrowser] Dataset Info: {"dataset":{"id":"1bdf0ed2500721a6492ba4701f1421b243377630","frame":"default","n":0,"k":0,"changed":false}}
[DataBrowser Webview] [DataBrowser] Dataset Info: {"dataset":{"id":"1bdf0ed2500721a6492ba4701f1421b243377630","frame":"default","n":0,"k":0,"changed":false}}
[DataBrowser Webview] [DataBrowser] API Call (Proxy): GET http://127.0.0.1:52916/v1/vars
[DataBrowser Webview] [DataBrowser] API Call (Proxy): GET http://127.0.0.1:52916/v1/vars
[DataBrowser Proxy] Sending GET request to http://127.0.0.1:52916/v1/vars
[DataBrowser Proxy] Response from /v1/vars: Status 200, Body length: 100
[DataBrowser Webview] [DataBrowser] Loaded 0 variables
[DataBrowser Webview] [DataBrowser] Loaded 0 variables
[DataBrowser Webview] [DataBrowser Webview] Initialization complete
[DataBrowser Webview] [DataBrowser Webview] Initialization complete
[DataBrowser Proxy] Sending GET request to http://127.0.0.1:52915/v1/dataset
[DataBrowser Proxy] Response from /v1/dataset: Status 200, Body length: 53
[DataBrowser Proxy] Sending POST request to http://127.0.0.1:52927/v1/echo with body length 25
[DataBrowser Proxy] Response from /v1/echo: Status 200, Body length: 25
[DataBrowser Proxy] Sending POST request to http://127.0.0.1:52929/v1/arrow
[DataBrowser Proxy] Response from /v1/arrow: Status 200, Body length: 312
  console.log
    [Live Test] Extension API keys: [
      'TerminalPanel',
      'DataBrowserPanel',
      'downloadGraphAsPdf',
      'mcpClient'
    ]

      at Object.log (test/integration/suite/data-browser.test.js:130:17)

  console.log
    [Live Test] Fetching UI channel from real MCP server...

      at Object.log (test/integration/suite/data-browser.test.js:138:17)

[mcp-stata stderr] [mcp.server.lowlevel.server] DEBUG: Received message: <mcp.shared.session.RequestResponder object at 0x1135da3f0>
[mcp.server.lowlevel.server] INFO: Processing request of type CallToolRequest
[mcp.server.lowlevel.server] DEBUG: Dispatching request of type CallToolRequest
[mcp-stata stderr] [mcp.server.lowlevel.server] DEBUG: Received message: <mcp.shared.session.RequestResponder object at 0x1135da3f0>
[mcp.server.lowlevel.server] INFO: Processing request of type CallToolRequest
[mcp.server.lowlevel.server] DEBUG: Dispatching request of type CallToolRequest
[mcp-stata stderr] [mcp.server.lowlevel.server] DEBUG: Response sent
[mcp-stata stderr] [mcp.server.lowlevel.server] DEBUG: Response sent
  console.log
    [Live Test] Real Server BaseURL: http://127.0.0.1:52916

      at Object.log (test/integration/suite/data-browser.test.js:143:17)

  console.log
    [Live Test] Loading auto.dta...

      at Object.log (test/integration/suite/data-browser.test.js:146:17)

[mcp-stata stderr] [mcp.server.lowlevel.server] DEBUG: Received message: <mcp.shared.session.RequestResponder object at 0x1135da520>
[mcp-stata stderr] [mcp.server.lowlevel.server] DEBUG: Received message: <mcp.shared.session.RequestResponder object at 0x1135da520>
[mcp-stata stderr] [mcp.server.lowlevel.server] INFO: Processing request of type CallToolRequest
[mcp.server.lowlevel.server] DEBUG: Dispatching request of type CallToolRequest
[mcp-stata stderr] [mcp.server.lowlevel.server] INFO: Processing request of type CallToolRequest
[mcp.server.lowlevel.server] DEBUG: Dispatching request of type CallToolRequest
[mcp-stata stderr] [mcp.server.lowlevel.server] DEBUG: Received message: <mcp.shared.session.RequestResponder object at 0x10f58b0b0>
[mcp-stata stderr] [mcp.server.lowlevel.server] DEBUG: Received message: <mcp.shared.session.RequestResponder object at 0x10f58b0b0>
[mcp-stata stderr] [mcp.server.lowlevel.server] INFO: Processing request of type CallToolRequest
[mcp.server.lowlevel.server] DEBUG: Dispatching request of type CallToolRequest
[mcp-stata stderr] [mcp.server.lowlevel.server] INFO: Processing request of type CallToolRequest
[mcp.server.lowlevel.server] DEBUG: Dispatching request of type CallToolRequest
[mcp-stata stderr] [mcp.server.lowlevel.server] DEBUG: Response sent
[mcp-stata stderr] [mcp.server.lowlevel.server] DEBUG: Response sent
[mcp-stata stderr] [mcp.server.lowlevel.server] DEBUG: Received message: <mcp.shared.session.RequestResponder object at 0x1136506b0>
[mcp.server.lowlevel.server] INFO: Processing request of type CallToolRequest
[mcp.server.lowlevel.server] DEBUG: Dispatching request of type CallToolRequest
[mcp-stata stderr] [mcp.server.lowlevel.server] DEBUG: Received message: <mcp.shared.session.RequestResponder object at 0x1136506b0>
[mcp.server.lowlevel.server] INFO: Processing request of type CallToolRequest
[mcp.server.lowlevel.server] DEBUG: Dispatching request of type CallToolRequest
[mcp-stata stderr] [mcp.server.lowlevel.server] DEBUG: Response sent
[mcp-stata stderr] [mcp.server.lowlevel.server] DEBUG: Response sent
[mcp-stata stderr] [mcp.server.lowlevel.server] DEBUG: Received message: <mcp.shared.session.RequestResponder object at 0x1136507c0>
[mcp.server.lowlevel.server] INFO: Processing request of type CallToolRequest
[mcp.server.lowlevel.server] DEBUG: Dispatching request of type CallToolRequest
[mcp-stata stderr] [mcp.server.lowlevel.server] DEBUG: Received message: <mcp.shared.session.RequestResponder object at 0x1136507c0>
[mcp.server.lowlevel.server] INFO: Processing request of type CallToolRequest
[mcp.server.lowlevel.server] DEBUG: Dispatching request of type CallToolRequest
[mcp-stata stderr] [mcp.server.lowlevel.server] DEBUG: Response sent
[mcp-stata stderr] [mcp.server.lowlevel.server] DEBUG: Response sent
[mcp-stata stderr] [mcp.server.lowlevel.server] DEBUG: Received message: <mcp.shared.session.RequestResponder object at 0x113664450>
[mcp-stata stderr] [mcp.server.lowlevel.server] DEBUG: Received message: <mcp.shared.session.RequestResponder object at 0x113664450>
[mcp-stata stderr] [mcp.server.lowlevel.server] INFO: Processing request of type CallToolRequest
[mcp.server.lowlevel.server] DEBUG: Dispatching request of type CallToolRequest
[mcp-stata stderr] [mcp.server.lowlevel.server] INFO: Processing request of type CallToolRequest
[mcp.server.lowlevel.server] DEBUG: Dispatching request of type CallToolRequest
[mcp-stata stderr] [mcp.server.lowlevel.server] DEBUG: Response sent
[mcp-stata stderr] [mcp.server.lowlevel.server] DEBUG: Response sent
[mcp-stata stderr] [mcp.server.lowlevel.server] DEBUG: Received message: <mcp.shared.session.RequestResponder object at 0x113664550>
[mcp.server.lowlevel.server] INFO: Processing request of type CallToolRequest
[mcp.server.lowlevel.server] DEBUG: Dispatching request of type CallToolRequest
[mcp-stata stderr] [mcp.server.lowlevel.server] DEBUG: Received message: <mcp.shared.session.RequestResponder object at 0x113664550>
[mcp.server.lowlevel.server] INFO: Processing request of type CallToolRequest
[mcp.server.lowlevel.server] DEBUG: Dispatching request of type CallToolRequest
[mcp-stata stderr] [mcp.server.lowlevel.server] DEBUG: Response sent
[mcp-stata stderr] [mcp.server.lowlevel.server] DEBUG: Response sent
[mcp-stata stderr] [mcp.server.lowlevel.server] DEBUG: Received message: <mcp.shared.session.RequestResponder object at 0x10f60d400>
[mcp.server.lowlevel.server] INFO: Processing request of type CallToolRequest
[mcp.server.lowlevel.server] DEBUG: Dispatching request of type CallToolRequest
[mcp-stata stderr] [mcp.server.lowlevel.server] DEBUG: Received message: <mcp.shared.session.RequestResponder object at 0x10f60d400>
[mcp.server.lowlevel.server] INFO: Processing request of type CallToolRequest
[mcp.server.lowlevel.server] DEBUG: Dispatching request of type CallToolRequest
[mcp-stata stderr] [mcp.server.lowlevel.server] DEBUG: Response sent
[mcp-stata stderr] [mcp.server.lowlevel.server] DEBUG: Response sent
[mcp-stata stderr] [mcp.server.lowlevel.server] DEBUG: Received message: <mcp.shared.session.RequestResponder object at 0x10f60d310>
[mcp.server.lowlevel.server] INFO: Processing request of type CallToolRequest
[mcp.server.lowlevel.server] DEBUG: Dispatching request of type CallToolRequest
[mcp-stata stderr] [mcp.server.lowlevel.server] DEBUG: Received message: <mcp.shared.session.RequestResponder object at 0x10f60d310>
[mcp.server.lowlevel.server] INFO: Processing request of type CallToolRequest
[mcp.server.lowlevel.server] DEBUG: Dispatching request of type CallToolRequest
[mcp-stata stderr] [mcp.server.lowlevel.server] DEBUG: Response sent
[mcp-stata stderr] [mcp.server.lowlevel.server] DEBUG: Response sent
[mcp-stata stderr] [mcp.server.lowlevel.server] DEBUG: Received message: <mcp.shared.session.RequestResponder object at 0x1136bd470>
[mcp-stata stderr] [mcp.server.lowlevel.server] DEBUG: Received message: <mcp.shared.session.RequestResponder object at 0x1136bd470>
[mcp-stata stderr] [mcp.server.lowlevel.server] INFO: Processing request of type CallToolRequest
[mcp.server.lowlevel.server] DEBUG: Dispatching request of type CallToolRequest
[mcp-stata stderr] [mcp.server.lowlevel.server] INFO: Processing request of type CallToolRequest
[mcp.server.lowlevel.server] DEBUG: Dispatching request of type CallToolRequest
[mcp-stata stderr] [mcp.server.lowlevel.server] DEBUG: Response sent
[mcp-stata stderr] [mcp.server.lowlevel.server] DEBUG: Response sent
[mcp-stata stderr] [mcp.server.lowlevel.server] DEBUG: Received message: <mcp.shared.session.RequestResponder object at 0x1136bd010>
[mcp-stata stderr] [mcp.server.lowlevel.server] DEBUG: Received message: <mcp.shared.session.RequestResponder object at 0x1136bd010>
[mcp-stata stderr] [mcp.server.lowlevel.server] INFO: Processing request of type CallToolRequest
[mcp.server.lowlevel.server] DEBUG: Dispatching request of type CallToolRequest
[mcp-stata stderr] [mcp.server.lowlevel.server] INFO: Processing request of type CallToolRequest
[mcp.server.lowlevel.server] DEBUG: Dispatching request of type CallToolRequest
[mcp-stata stderr] [mcp.server.lowlevel.server] DEBUG: Response sent
[mcp-stata stderr] [mcp.server.lowlevel.server] DEBUG: Response sent
[mcp-stata stderr] [mcp.server.lowlevel.server] DEBUG: Received message: <mcp.shared.session.RequestResponder object at 0x10f5ea9c0>
[mcp-stata stderr] [mcp.server.lowlevel.server] DEBUG: Received message: <mcp.shared.session.RequestResponder object at 0x10f5ea9c0>
[mcp-stata stderr] [mcp.server.lowlevel.server] INFO: Processing request of type CallToolRequest
[mcp.server.lowlevel.server] DEBUG: Dispatching request of type CallToolRequest
[mcp-stata stderr] [mcp.server.lowlevel.server] INFO: Processing request of type CallToolRequest
[mcp.server.lowlevel.server] DEBUG: Dispatching request of type CallToolRequest
[mcp-stata stderr] [mcp.server.lowlevel.server] DEBUG: Response sent
[mcp-stata stderr] [mcp.server.lowlevel.server] DEBUG: Response sent
[mcp-stata stderr] [mcp.server.lowlevel.server] DEBUG: Received message: <mcp.shared.session.RequestResponder object at 0x113632450>
[mcp-stata stderr] [mcp.server.lowlevel.server] DEBUG: Received message: <mcp.shared.session.RequestResponder object at 0x113632450>
[mcp-stata stderr] [mcp.server.lowlevel.server] INFO: Processing request of type CallToolRequest
[mcp.server.lowlevel.server] DEBUG: Dispatching request of type CallToolRequest
[mcp-stata stderr] [mcp.server.lowlevel.server] INFO: Processing request of type CallToolRequest
[mcp.server.lowlevel.server] DEBUG: Dispatching request of type CallToolRequest
[mcp-stata stderr] [mcp.server.lowlevel.server] DEBUG: Response sent
[mcp-stata stderr] [mcp.server.lowlevel.server] DEBUG: Response sent
[mcp-stata stderr] [mcp.server.lowlevel.server] DEBUG: Received message: <mcp.shared.session.RequestResponder object at 0x1136325d0>
[mcp-stata stderr] [mcp.server.lowlevel.server] DEBUG: Received message: <mcp.shared.session.RequestResponder object at 0x1136325d0>
[mcp-stata stderr] [mcp.server.lowlevel.server] INFO: Processing request of type CallToolRequest
[mcp.server.lowlevel.server] DEBUG: Dispatching request of type CallToolRequest
[mcp-stata stderr] [mcp.server.lowlevel.server] INFO: Processing request of type CallToolRequest
[mcp.server.lowlevel.server] DEBUG: Dispatching request of type CallToolRequest
[mcp-stata stderr] [mcp.server.lowlevel.server] DEBUG: Response sent
[mcp-stata stderr] [mcp.server.lowlevel.server] DEBUG: Response sent
[mcp-stata stderr] [mcp.server.lowlevel.server] DEBUG: Received message: <mcp.shared.session.RequestResponder object at 0x1135ee200>
[mcp-stata stderr] [mcp.server.lowlevel.server] DEBUG: Received message: <mcp.shared.session.RequestResponder object at 0x1135ee200>
[mcp-stata stderr] [mcp.server.lowlevel.server] INFO: Processing request of type CallToolRequest
[mcp.server.lowlevel.server] DEBUG: Dispatching request of type CallToolRequest
[mcp-stata stderr] [mcp.server.lowlevel.server] INFO: Processing request of type CallToolRequest
[mcp.server.lowlevel.server] DEBUG: Dispatching request of type CallToolRequest
[mcp-stata stderr] [mcp.server.lowlevel.server] DEBUG: Response sent
[mcp-stata stderr] [mcp.server.lowlevel.server] DEBUG: Response sent
[mcp-stata stderr] [mcp.server.lowlevel.server] DEBUG: Received message: <mcp.shared.session.RequestResponder object at 0x1135ed700>
[mcp-stata stderr] [mcp.server.lowlevel.server] DEBUG: Received message: <mcp.shared.session.RequestResponder object at 0x1135ed700>
[mcp-stata stderr] [mcp.server.lowlevel.server] INFO: Processing request of type CallToolRequest
[mcp.server.lowlevel.server] DEBUG: Dispatching request of type CallToolRequest
[mcp-stata stderr] [mcp.server.lowlevel.server] INFO: Processing request of type CallToolRequest
[mcp.server.lowlevel.server] DEBUG: Dispatching request of type CallToolRequest
[mcp-stata stderr] [mcp.server.lowlevel.server] DEBUG: Response sent
[mcp-stata stderr] [mcp.server.lowlevel.server] DEBUG: Response sent
[mcp-stata stderr] [mcp.server.lowlevel.server] DEBUG: Received message: <mcp.shared.session.RequestResponder object at 0x113676df0>
[mcp-stata stderr] [mcp.server.lowlevel.server] DEBUG: Received message: <mcp.shared.session.RequestResponder object at 0x113676df0>
[mcp-stata stderr] [mcp.server.lowlevel.server] INFO: Processing request of type CallToolRequest
[mcp.server.lowlevel.server] DEBUG: Dispatching request of type CallToolRequest
[mcp-stata stderr] [mcp.server.lowlevel.server] INFO: Processing request of type CallToolRequest
[mcp.server.lowlevel.server] DEBUG: Dispatching request of type CallToolRequest
[mcp-stata stderr] [mcp.server.lowlevel.server] DEBUG: Response sent
[mcp-stata stderr] [mcp.server.lowlevel.server] DEBUG: Response sent
[mcp-stata stderr] [mcp.server.lowlevel.server] DEBUG: Received message: <mcp.shared.session.RequestResponder object at 0x113677070>
[mcp-stata stderr] [mcp.server.lowlevel.server] DEBUG: Received message: <mcp.shared.session.RequestResponder object at 0x113677070>
[mcp-stata stderr] [mcp.server.lowlevel.server] INFO: Processing request of type CallToolRequest
[mcp.server.lowlevel.server] DEBUG: Dispatching request of type CallToolRequest
[mcp-stata stderr] [mcp.server.lowlevel.server] INFO: Processing request of type CallToolRequest
[mcp.server.lowlevel.server] DEBUG: Dispatching request of type CallToolRequest
[mcp-stata stderr] [mcp.server.lowlevel.server] DEBUG: Response sent
[mcp-stata stderr] [mcp.server.lowlevel.server] DEBUG: Response sent
[mcp-stata stderr] [mcp.server.lowlevel.server] DEBUG: Received message: <mcp.shared.session.RequestResponder object at 0x113676f30>
[mcp-stata stderr] [mcp.server.lowlevel.server] DEBUG: Received message: <mcp.shared.session.RequestResponder object at 0x113676f30>
[mcp-stata stderr] [mcp.server.lowlevel.server] INFO: Processing request of type CallToolRequest
[mcp.server.lowlevel.server] DEBUG: Dispatching request of type CallToolRequest
[mcp-stata stderr] [mcp.server.lowlevel.server] INFO: Processing request of type CallToolRequest
[mcp.server.lowlevel.server] DEBUG: Dispatching request of type CallToolRequest
[mcp-stata stderr] [mcp.server.lowlevel.server] DEBUG: Response sent
[mcp-stata stderr] [mcp.server.lowlevel.server] DEBUG: Response sent
[mcp-stata stderr] [mcp.server.lowlevel.server] DEBUG: Received message: <mcp.shared.session.RequestResponder object at 0x113676e90>
[mcp-stata stderr] [mcp.server.lowlevel.server] DEBUG: Received message: <mcp.shared.session.RequestResponder object at 0x113676e90>
[mcp-stata stderr] [mcp.server.lowlevel.server] INFO: Processing request of type CallToolRequest
[mcp.server.lowlevel.server] DEBUG: Dispatching request of type CallToolRequest
[mcp-stata stderr] [mcp.server.lowlevel.server] INFO: Processing request of type CallToolRequest
[mcp.server.lowlevel.server] DEBUG: Dispatching request of type CallToolRequest
[mcp-stata stderr] [mcp.server.lowlevel.server] DEBUG: Response sent
[mcp-stata stderr] [mcp.server.lowlevel.server] DEBUG: Response sent
[mcp-stata stderr] [mcp.server.lowlevel.server] DEBUG: Received message: <mcp.shared.session.RequestResponder object at 0x113677070>
[mcp-stata stderr] [mcp.server.lowlevel.server] DEBUG: Received message: <mcp.shared.session.RequestResponder object at 0x113677070>
[mcp-stata stderr] [mcp.server.lowlevel.server] INFO: Processing request of type CallToolRequest
[mcp.server.lowlevel.server] DEBUG: Dispatching request of type CallToolRequest
[mcp-stata stderr] [mcp.server.lowlevel.server] INFO: Processing request of type CallToolRequest
[mcp.server.lowlevel.server] DEBUG: Dispatching request of type CallToolRequest
[mcp-stata stderr] [mcp.server.lowlevel.server] DEBUG: Response sent
[mcp-stata stderr] [mcp.server.lowlevel.server] DEBUG: Response sent
[mcp-stata stderr] [mcp.server.lowlevel.server] DEBUG: Received message: <mcp.shared.session.RequestResponder object at 0x10f580050>
[mcp-stata stderr] [mcp.server.lowlevel.server] DEBUG: Received message: <mcp.shared.session.RequestResponder object at 0x10f580050>
[mcp-stata stderr] [mcp.server.lowlevel.server] INFO: Processing request of type CallToolRequest
[mcp.server.lowlevel.server] DEBUG: Dispatching request of type CallToolRequest
[mcp-stata stderr] [mcp.server.lowlevel.server] INFO: Processing request of type CallToolRequest
[mcp.server.lowlevel.server] DEBUG: Dispatching request of type CallToolRequest
[mcp-stata stderr] [mcp.server.lowlevel.server] DEBUG: Response sent
[mcp-stata stderr] [mcp.server.lowlevel.server] DEBUG: Response sent
[mcp-stata stderr] [mcp.server.lowlevel.server] DEBUG: Received message: <mcp.shared.session.RequestResponder object at 0x113676d50>
[mcp-stata stderr] [mcp.server.lowlevel.server] DEBUG: Received message: <mcp.shared.session.RequestResponder object at 0x113676d50>
[mcp-stata stderr] [mcp.server.lowlevel.server] INFO: Processing request of type CallToolRequest
[mcp.server.lowlevel.server] DEBUG: Dispatching request of type CallToolRequest
[mcp-stata stderr] [mcp.server.lowlevel.server] INFO: Processing request of type CallToolRequest
[mcp.server.lowlevel.server] DEBUG: Dispatching request of type CallToolRequest
[mcp-stata stderr] [mcp.server.lowlevel.server] DEBUG: Response sent
[mcp-stata stderr] [mcp.server.lowlevel.server] DEBUG: Response sent
[mcp-stata stderr] [mcp.server.lowlevel.server] DEBUG: Received message: <mcp.shared.session.RequestResponder object at 0x113676df0>
[mcp-stata stderr] [mcp.server.lowlevel.server] DEBUG: Received message: <mcp.shared.session.RequestResponder object at 0x113676df0>
[mcp-stata stderr] [mcp.server.lowlevel.server] INFO: Processing request of type CallToolRequest
[mcp.server.lowlevel.server] DEBUG: Dispatching request of type CallToolRequest
[mcp-stata stderr] [mcp.server.lowlevel.server] INFO: Processing request of type CallToolRequest
[mcp.server.lowlevel.server] DEBUG: Dispatching request of type CallToolRequest
[mcp-stata stderr] [mcp.server.lowlevel.server] DEBUG: Response sent
[mcp-stata stderr] [mcp.server.lowlevel.server] DEBUG: Response sent
[mcp-stata stderr] [mcp.server.lowlevel.server] DEBUG: Received message: <mcp.shared.session.RequestResponder object at 0x1136771b0>
[mcp-stata stderr] [mcp.server.lowlevel.server] DEBUG: Received message: <mcp.shared.session.RequestResponder object at 0x1136771b0>
[mcp-stata stderr] [mcp.server.lowlevel.server] INFO: Processing request of type CallToolRequest
[mcp.server.lowlevel.server] DEBUG: Dispatching request of type CallToolRequest
[mcp-stata stderr] [mcp.server.lowlevel.server] INFO: Processing request of type CallToolRequest
[mcp.server.lowlevel.server] DEBUG: Dispatching request of type CallToolRequest
[mcp-stata stderr] [mcp.server.lowlevel.server] DEBUG: Response sent
[mcp-stata stderr] [mcp.server.lowlevel.server] DEBUG: Response sent
[mcp-stata stderr] [mcp.server.lowlevel.server] DEBUG: Received message: <mcp.shared.session.RequestResponder object at 0x113676df0>
[mcp-stata stderr] [mcp.server.lowlevel.server] DEBUG: Received message: <mcp.shared.session.RequestResponder object at 0x113676df0>
[mcp-stata stderr] [mcp.server.lowlevel.server] INFO: Processing request of type CallToolRequest
[mcp.server.lowlevel.server] DEBUG: Dispatching request of type CallToolRequest
[mcp-stata stderr] [mcp.server.lowlevel.server] INFO: Processing request of type CallToolRequest
[mcp.server.lowlevel.server] DEBUG: Dispatching request of type CallToolRequest
[mcp-stata stderr] [mcp.server.lowlevel.server] DEBUG: Response sent
[mcp-stata stderr] [mcp.server.lowlevel.server] DEBUG: Response sent
[mcp-stata stderr] [mcp.server.lowlevel.server] DEBUG: Received message: <mcp.shared.session.RequestResponder object at 0x1136771b0>
[mcp-stata stderr] [mcp.server.lowlevel.server] DEBUG: Received message: <mcp.shared.session.RequestResponder object at 0x1136771b0>
[mcp-stata stderr] [mcp.server.lowlevel.server] INFO: Processing request of type CallToolRequest
[mcp.server.lowlevel.server] DEBUG: Dispatching request of type CallToolRequest
[mcp-stata stderr] [mcp.server.lowlevel.server] INFO: Processing request of type CallToolRequest
[mcp.server.lowlevel.server] DEBUG: Dispatching request of type CallToolRequest
[mcp-stata stderr] [mcp.server.lowlevel.server] DEBUG: Response sent
[mcp-stata stderr] [mcp.server.lowlevel.server] DEBUG: Response sent
[mcp-stata stderr] [mcp.server.lowlevel.server] DEBUG: Received message: <mcp.shared.session.RequestResponder object at 0x113676cb0>
[mcp-stata stderr] [mcp.server.lowlevel.server] DEBUG: Received message: <mcp.shared.session.RequestResponder object at 0x113676cb0>
[mcp-stata stderr] [mcp.server.lowlevel.server] INFO: Processing request of type CallToolRequest
[mcp.server.lowlevel.server] DEBUG: Dispatching request of type CallToolRequest
[mcp-stata stderr] [mcp.server.lowlevel.server] INFO: Processing request of type CallToolRequest
[mcp.server.lowlevel.server] DEBUG: Dispatching request of type CallToolRequest
[mcp-stata stderr] [mcp.server.lowlevel.server] DEBUG: Response sent
[mcp-stata stderr] [mcp.server.lowlevel.server] DEBUG: Response sent
[mcp-stata stderr] [mcp.server.lowlevel.server] DEBUG: Received message: <mcp.shared.session.RequestResponder object at 0x113676df0>
[mcp-stata stderr] [mcp.server.lowlevel.server] DEBUG: Received message: <mcp.shared.session.RequestResponder object at 0x113676df0>
[mcp-stata stderr] [mcp.server.lowlevel.server] INFO: Processing request of type CallToolRequest
[mcp.server.lowlevel.server] DEBUG: Dispatching request of type CallToolRequest
[mcp-stata stderr] [mcp.server.lowlevel.server] INFO: Processing request of type CallToolRequest
[mcp.server.lowlevel.server] DEBUG: Dispatching request of type CallToolRequest
[mcp-stata stderr] [mcp.server.lowlevel.server] DEBUG: Response sent
[mcp-stata stderr] [mcp.server.lowlevel.server] DEBUG: Response sent
[mcp-stata stderr] [mcp.server.lowlevel.server] DEBUG: Received message: <mcp.shared.session.RequestResponder object at 0x1136771b0>
[mcp-stata stderr] [mcp.server.lowlevel.server] DEBUG: Received message: <mcp.shared.session.RequestResponder object at 0x1136771b0>
[mcp-stata stderr] [mcp.server.lowlevel.server] INFO: Processing request of type CallToolRequest
[mcp.server.lowlevel.server] DEBUG: Dispatching request of type CallToolRequest
[mcp-stata stderr] [mcp.server.lowlevel.server] INFO: Processing request of type CallToolRequest
[mcp.server.lowlevel.server] DEBUG: Dispatching request of type CallToolRequest
[mcp-stata stderr] [mcp.server.lowlevel.server] DEBUG: Response sent
[mcp-stata stderr] [mcp.server.lowlevel.server] DEBUG: Response sent
[mcp-stata stderr] [mcp.server.lowlevel.server] DEBUG: Received message: <mcp.shared.session.RequestResponder object at 0x113676cb0>
[mcp-stata stderr] [mcp.server.lowlevel.server] DEBUG: Received message: <mcp.shared.session.RequestResponder object at 0x113676cb0>
[mcp-stata stderr] [mcp.server.lowlevel.server] INFO: Processing request of type CallToolRequest
[mcp.server.lowlevel.server] DEBUG: Dispatching request of type CallToolRequest
[mcp-stata stderr] [mcp.server.lowlevel.server] INFO: Processing request of type CallToolRequest
[mcp.server.lowlevel.server] DEBUG: Dispatching request of type CallToolRequest
[mcp-stata stderr] [mcp.server.lowlevel.server] DEBUG: Response sent
[mcp-stata stderr] [mcp.server.lowlevel.server] DEBUG: Response sent
[mcp-stata stderr] [mcp.server.lowlevel.server] DEBUG: Received message: <mcp.shared.session.RequestResponder object at 0x113676df0>
[mcp-stata stderr] [mcp.server.lowlevel.server] DEBUG: Received message: <mcp.shared.session.RequestResponder object at 0x113676df0>
[mcp-stata stderr] [mcp.server.lowlevel.server] INFO: Processing request of type CallToolRequest
[mcp.server.lowlevel.server] DEBUG: Dispatching request of type CallToolRequest
[mcp-stata stderr] [mcp.server.lowlevel.server] INFO: Processing request of type CallToolRequest
[mcp.server.lowlevel.server] DEBUG: Dispatching request of type CallToolRequest
[mcp-stata stderr] [mcp.server.lowlevel.server] DEBUG: Response sent
[mcp-stata stderr] [mcp.server.lowlevel.server] DEBUG: Response sent
[mcp-stata stderr] [mcp.server.lowlevel.server] DEBUG: Received message: <mcp.shared.session.RequestResponder object at 0x113676fd0>
[mcp-stata stderr] [mcp.server.lowlevel.server] DEBUG: Received message: <mcp.shared.session.RequestResponder object at 0x113676fd0>
[mcp-stata stderr] [mcp.server.lowlevel.server] INFO: Processing request of type CallToolRequest
[mcp.server.lowlevel.server] DEBUG: Dispatching request of type CallToolRequest
[mcp-stata stderr] [mcp.server.lowlevel.server] INFO: Processing request of type CallToolRequest
[mcp.server.lowlevel.server] DEBUG: Dispatching request of type CallToolRequest
[mcp-stata stderr] [mcp.server.lowlevel.server] DEBUG: Response sent
[mcp-stata stderr] [mcp.server.lowlevel.server] DEBUG: Response sent
[mcp-stata stderr] [mcp.server.lowlevel.server] DEBUG: Received message: <mcp.shared.session.RequestResponder object at 0x113676cb0>
[mcp-stata stderr] [mcp.server.lowlevel.server] DEBUG: Received message: <mcp.shared.session.RequestResponder object at 0x113676cb0>
[mcp-stata stderr] [mcp.server.lowlevel.server] INFO: Processing request of type CallToolRequest
[mcp.server.lowlevel.server] DEBUG: Dispatching request of type CallToolRequest
[mcp-stata stderr] [mcp.server.lowlevel.server] INFO: Processing request of type CallToolRequest
[mcp.server.lowlevel.server] DEBUG: Dispatching request of type CallToolRequest
[mcp-stata stderr] [mcp.server.lowlevel.server] DEBUG: Response sent
[mcp-stata stderr] [mcp.server.lowlevel.server] DEBUG: Response sent
[mcp-stata stderr] [mcp.server.lowlevel.server] DEBUG: Received message: <mcp.shared.session.RequestResponder object at 0x113676df0>
[mcp-stata stderr] [mcp.server.lowlevel.server] DEBUG: Received message: <mcp.shared.session.RequestResponder object at 0x113676df0>
[mcp-stata stderr] [mcp.server.lowlevel.server] INFO: Processing request of type CallToolRequest
[mcp.server.lowlevel.server] DEBUG: Dispatching request of type CallToolRequest
[mcp-stata stderr] [mcp.server.lowlevel.server] INFO: Processing request of type CallToolRequest
[mcp.server.lowlevel.server] DEBUG: Dispatching request of type CallToolRequest
[mcp-stata stderr] [mcp.server.lowlevel.server] DEBUG: Response sent
[mcp-stata stderr] [mcp.server.lowlevel.server] DEBUG: Response sent
[mcp-stata stderr] [mcp.server.lowlevel.server] DEBUG: Received message: <mcp.shared.session.RequestResponder object at 0x113677070>
[mcp-stata stderr] [mcp.server.lowlevel.server] DEBUG: Received message: <mcp.shared.session.RequestResponder object at 0x113677070>
[mcp-stata stderr] [mcp.server.lowlevel.server] INFO: Processing request of type CallToolRequest
[mcp.server.lowlevel.server] DEBUG: Dispatching request of type CallToolRequest
[mcp-stata stderr] [mcp.server.lowlevel.server] INFO: Processing request of type CallToolRequest
[mcp.server.lowlevel.server] DEBUG: Dispatching request of type CallToolRequest
[mcp-stata stderr] [mcp.server.lowlevel.server] DEBUG: Response sent
[mcp-stata stderr] [mcp.server.lowlevel.server] DEBUG: Response sent
[mcp-stata stderr] [mcp.server.lowlevel.server] DEBUG: Received message: <mcp.shared.session.RequestResponder object at 0x113676cb0>
[mcp-stata stderr] [mcp.server.lowlevel.server] DEBUG: Received message: <mcp.shared.session.RequestResponder object at 0x113676cb0>
[mcp-stata stderr] [mcp.server.lowlevel.server] INFO: Processing request of type CallToolRequest
[mcp.server.lowlevel.server] DEBUG: Dispatching request of type CallToolRequest
[mcp-stata stderr] [mcp.server.lowlevel.server] INFO: Processing request of type CallToolRequest
[mcp.server.lowlevel.server] DEBUG: Dispatching request of type CallToolRequest
[mcp-stata stderr] [mcp.server.lowlevel.server] DEBUG: Response sent
[mcp-stata stderr] [mcp.server.lowlevel.server] DEBUG: Response sent
[mcp-stata stderr] [mcp_stata] INFO: stata.run(stream) rc=0 success=True trace=False duration_ms=51.36 code_preview=sysuse auto, clear
[mcp_stata] INFO: stata.run(stream) rc=0 success=True trace=False duration_ms=51.36 code_preview=sysuse auto, clear
[mcp-stata stderr] [mcp_stata] INFO: stata.run(stream) rc=0 success=True trace=False duration_ms=51.36 code_preview=sysuse auto, clear
[mcp_stata] INFO: stata.run(stream) rc=0 success=True trace=False duration_ms=51.36 code_preview=sysuse auto, clear
[mcp-stata stderr] [mcp.server.lowlevel.server] DEBUG: Response sent
[mcp-stata stderr] [mcp.server.lowlevel.server] DEBUG: Response sent
[mcp-stata stderr] [mcp.server.lowlevel.server] DEBUG: Received message: <mcp.shared.session.RequestResponder object at 0x10f7647d0>
[mcp-stata stderr] [mcp.server.lowlevel.server] DEBUG: Received message: <mcp.shared.session.RequestResponder object at 0x10f7647d0>
[mcp-stata stderr] [mcp.server.lowlevel.server] INFO: Processing request of type CallToolRequest
[mcp-stata stderr] [mcp.server.lowlevel.server] INFO: Processing request of type CallToolRequest
[mcp-stata stderr] [mcp.server.lowlevel.server] DEBUG: Dispatching request of type CallToolRequest
[mcp-stata stderr] [mcp.server.lowlevel.server] DEBUG: Dispatching request of type CallToolRequest
[mcp-stata stderr] [mcp.server.lowlevel.server] DEBUG: Response sent
[mcp-stata stderr] [mcp.server.lowlevel.server] DEBUG: Response sent
[mcp-stata stderr] [mcp.server.lowlevel.server] DEBUG: Received message: <mcp.shared.session.RequestResponder object at 0x10f67c550>
[mcp-stata stderr] [mcp.server.lowlevel.server] DEBUG: Received message: <mcp.shared.session.RequestResponder object at 0x10f67c550>
[mcp-stata stderr] [mcp.server.lowlevel.server] INFO: Processing request of type CallToolRequest
[mcp-stata stderr] [mcp.server.lowlevel.server] INFO: Processing request of type CallToolRequest
[mcp-stata stderr] [mcp.server.lowlevel.server] DEBUG: Dispatching request of type CallToolRequest
[mcp-stata stderr] [mcp.server.lowlevel.server] DEBUG: Dispatching request of type CallToolRequest
[mcp-stata stderr] [mcp.server.lowlevel.server] DEBUG: Response sent
[mcp-stata stderr] [mcp.server.lowlevel.server] DEBUG: Response sent
[mcp-stata stderr] [mcp.server.lowlevel.server] DEBUG: Received message: <mcp.shared.session.RequestResponder object at 0x10f764690>
[mcp-stata stderr] [mcp.server.lowlevel.server] DEBUG: Received message: <mcp.shared.session.RequestResponder object at 0x10f764690>
[mcp-stata stderr] [mcp.server.lowlevel.server] INFO: Processing request of type CallToolRequest
[mcp.server.lowlevel.server] DEBUG: Dispatching request of type CallToolRequest
[mcp-stata stderr] [mcp.server.lowlevel.server] INFO: Processing request of type CallToolRequest
[mcp.server.lowlevel.server] DEBUG: Dispatching request of type CallToolRequest
[mcp-stata stderr] [mcp.server.lowlevel.server] DEBUG: Response sent
[mcp-stata stderr] [mcp.server.lowlevel.server] DEBUG: Response sent
[mcp-stata stderr] [mcp.server.lowlevel.server] DEBUG: Received message: <mcp.shared.session.RequestResponder object at 0x10f67c550>
[mcp-stata stderr] [mcp.server.lowlevel.server] DEBUG: Received message: <mcp.shared.session.RequestResponder object at 0x10f67c550>
[mcp-stata stderr] [mcp.server.lowlevel.server] INFO: Processing request of type CallToolRequest
[mcp.server.lowlevel.server] DEBUG: Dispatching request of type CallToolRequest
[mcp-stata stderr] [mcp.server.lowlevel.server] INFO: Processing request of type CallToolRequest
[mcp.server.lowlevel.server] DEBUG: Dispatching request of type CallToolRequest
[mcp-stata stderr] [mcp.server.lowlevel.server] DEBUG: Response sent
[mcp-stata stderr] [mcp.server.lowlevel.server] DEBUG: Response sent
[mcp-stata stderr] [mcp.server.lowlevel.server] DEBUG: Received message: <mcp.shared.session.RequestResponder object at 0x10f583cf0>
[mcp-stata stderr] [mcp.server.lowlevel.server] DEBUG: Received message: <mcp.shared.session.RequestResponder object at 0x10f583cf0>
[mcp-stata stderr] [mcp.server.lowlevel.server] INFO: Processing request of type CallToolRequest
[mcp.server.lowlevel.server] DEBUG: Dispatching request of type CallToolRequest
[mcp-stata stderr] [mcp.server.lowlevel.server] INFO: Processing request of type CallToolRequest
[mcp.server.lowlevel.server] DEBUG: Dispatching request of type CallToolRequest
[mcp-stata stderr] [mcp.server.lowlevel.server] DEBUG: Response sent
[mcp-stata stderr] [mcp.server.lowlevel.server] DEBUG: Response sent
[mcp-stata stderr] [mcp.server.lowlevel.server] DEBUG: Received message: <mcp.shared.session.RequestResponder object at 0x10f582530>
[mcp-stata stderr] [mcp.server.lowlevel.server] DEBUG: Received message: <mcp.shared.session.RequestResponder object at 0x10f582530>
[mcp-stata stderr] [mcp.server.lowlevel.server] INFO: Processing request of type CallToolRequest
[mcp.server.lowlevel.server] DEBUG: Dispatching request of type CallToolRequest
[mcp-stata stderr] [mcp.server.lowlevel.server] INFO: Processing request of type CallToolRequest
[mcp.server.lowlevel.server] DEBUG: Dispatching request of type CallToolRequest
[mcp-stata stderr] [mcp.server.lowlevel.server] DEBUG: Response sent
[mcp-stata stderr] [mcp.server.lowlevel.server] DEBUG: Response sent
[mcp-stata stderr] [mcp.server.lowlevel.server] DEBUG: Received message: <mcp.shared.session.RequestResponder object at 0x10f582d50>
[mcp-stata stderr] [mcp.server.lowlevel.server] DEBUG: Received message: <mcp.shared.session.RequestResponder object at 0x10f582d50>
[mcp-stata stderr] [mcp.server.lowlevel.server] INFO: Processing request of type CallToolRequest
[mcp.server.lowlevel.server] DEBUG: Dispatching request of type CallToolRequest
[mcp-stata stderr] [mcp.server.lowlevel.server] INFO: Processing request of type CallToolRequest
[mcp.server.lowlevel.server] DEBUG: Dispatching request of type CallToolRequest
[mcp-stata stderr] [mcp.server.lowlevel.server] DEBUG: Response sent
[mcp-stata stderr] [mcp.server.lowlevel.server] DEBUG: Response sent
[mcp-stata stderr] [mcp.server.lowlevel.server] DEBUG: Received message: <mcp.shared.session.RequestResponder object at 0x10f5825d0>
[mcp-stata stderr] [mcp.server.lowlevel.server] DEBUG: Received message: <mcp.shared.session.RequestResponder object at 0x10f5825d0>
[mcp-stata stderr] [mcp.server.lowlevel.server] INFO: Processing request of type CallToolRequest
[mcp.server.lowlevel.server] DEBUG: Dispatching request of type CallToolRequest
[mcp-stata stderr] [mcp.server.lowlevel.server] INFO: Processing request of type CallToolRequest
[mcp.server.lowlevel.server] DEBUG: Dispatching request of type CallToolRequest
[mcp-stata stderr] [mcp.server.lowlevel.server] DEBUG: Response sent
[mcp-stata stderr] [mcp.server.lowlevel.server] DEBUG: Response sent
[mcp-stata stderr] [mcp.server.lowlevel.server] DEBUG: Received message: <mcp.shared.session.RequestResponder object at 0x10f582530>
[mcp-stata stderr] [mcp.server.lowlevel.server] DEBUG: Received message: <mcp.shared.session.RequestResponder object at 0x10f582530>
[mcp-stata stderr] [mcp.server.lowlevel.server] INFO: Processing request of type CallToolRequest
[mcp.server.lowlevel.server] DEBUG: Dispatching request of type CallToolRequest
[mcp-stata stderr] [mcp.server.lowlevel.server] INFO: Processing request of type CallToolRequest
[mcp.server.lowlevel.server] DEBUG: Dispatching request of type CallToolRequest
[mcp-stata stderr] [mcp.server.lowlevel.server] DEBUG: Response sent
[mcp-stata stderr] [mcp.server.lowlevel.server] DEBUG: Response sent
[mcp-stata stderr] [mcp.server.lowlevel.server] DEBUG: Received message: <mcp.shared.session.RequestResponder object at 0x10f5825d0>
[mcp-stata stderr] [mcp.server.lowlevel.server] DEBUG: Received message: <mcp.shared.session.RequestResponder object at 0x10f5825d0>
[mcp-stata stderr] [mcp.server.lowlevel.server] INFO: Processing request of type CallToolRequest
[mcp.server.lowlevel.server] DEBUG: Dispatching request of type CallToolRequest
[mcp-stata stderr] [mcp.server.lowlevel.server] INFO: Processing request of type CallToolRequest
[mcp.server.lowlevel.server] DEBUG: Dispatching request of type CallToolRequest
[mcp-stata stderr] [mcp.server.lowlevel.server] DEBUG: Response sent
[mcp-stata stderr] [mcp.server.lowlevel.server] DEBUG: Response sent
[mcp-stata stderr] [mcp.server.lowlevel.server] DEBUG: Received message: <mcp.shared.session.RequestResponder object at 0x10f7647d0>
[mcp-stata stderr] [mcp.server.lowlevel.server] DEBUG: Received message: <mcp.shared.session.RequestResponder object at 0x10f7647d0>
[mcp-stata stderr] [mcp.server.lowlevel.server] INFO: Processing request of type CallToolRequest
[mcp.server.lowlevel.server] DEBUG: Dispatching request of type CallToolRequest
[mcp-stata stderr] [mcp.server.lowlevel.server] INFO: Processing request of type CallToolRequest
[mcp.server.lowlevel.server] DEBUG: Dispatching request of type CallToolRequest
[mcp-stata stderr] [mcp.server.lowlevel.server] DEBUG: Response sent
[mcp-stata stderr] [mcp.server.lowlevel.server] DEBUG: Response sent
[DataBrowser Proxy] Sending GET request to http://127.0.0.1:52916/v1/dataset
[DataBrowser Proxy] Response from /v1/dataset: Status 200, Body length: 119
[DataBrowser Proxy] Sending POST request to http://127.0.0.1:52916/v1/arrow with body length 85
[DataBrowser Proxy] Response from /v1/arrow: Status 200, Body length: 280
  console.log
    [Live Test] Successfully fetched 280 bytes of Arrow data from real server.

      at Object.log (test/integration/suite/data-browser.test.js:175:17)

[DataBrowser Proxy] Sending GET request to http://127.0.0.1:52934/v1/error
[DataBrowser Proxy] Response from /v1/error: Status 400, Body length: 23
PASS test/integration/suite/data-browser.test.js (5.815 s)
  Data Browser Integration
    ✓ DataBrowserPanel should proxy API requests correctly (5010 ms)
    ✓ DataBrowserPanel proxy should handle POST requests with body (2 ms)
    ✓ DataBrowserPanel proxy should handle binary Arrow IPC responses (31 ms)
    ✓ DataBrowserPanel should work with LIVE server if configured (590 ms)
    ✓ DataBrowserPanel proxy should handle errors (73 ms)

Test Suites: 1 passed, 1 total
Tests:       5 passed, 5 total
Snapshots:   0 total
Time:        6.028 s
Ran all test suites.
[90m[main 2025-12-28T03:23:40.489Z][0m Extension host with pid 82337 exited with code: 0, signal: unknown.
Exit code:   0
Test completed successfully. Dumping logs...

--- MCP log tail: /var/folders/4h/57tv1nhj11g23lnw73k0csm40000gn/T/vscode-test-user-yBmtCj/logs/20251228T032331/window1/exthost/output_logging_20251228T032333/1-Stata Workbench.log ---
[mcp.server.lowlevel.server] DEBUG: Dispatching request of type CallToolRequest
[mcp-stata stderr] [mcp.server.lowlevel.server] DEBUG: Response sent
[mcp-stata stderr] [mcp.server.lowlevel.server] DEBUG: Response sent
[mcp-stata stderr] [mcp.server.lowlevel.server] DEBUG: Received message: <mcp.shared.session.RequestResponder object at 0x113676df0>
[mcp-stata stderr] [mcp.server.lowlevel.server] DEBUG: Received message: <mcp.shared.session.RequestResponder object at 0x113676df0>
[mcp-stata stderr] [mcp.server.lowlevel.server] INFO: Processing request of type CallToolRequest
[mcp.server.lowlevel.server] DEBUG: Dispatching request of type CallToolRequest
[mcp-stata stderr] [mcp.server.lowlevel.server] INFO: Processing request of type CallToolRequest
[mcp.server.lowlevel.server] DEBUG: Dispatching request of type CallToolRequest
[mcp-stata stderr] [mcp.server.lowlevel.server] DEBUG: Response sent
[mcp-stata stderr] [mcp.server.lowlevel.server] DEBUG: Response sent
[mcp-stata stderr] [mcp.server.lowlevel.server] DEBUG: Received message: <mcp.shared.session.RequestResponder object at 0x1136771b0>
[mcp-stata stderr] [mcp.server.lowlevel.server] DEBUG: Received message: <mcp.shared.session.RequestResponder object at 0x1136771b0>
[mcp-stata stderr] [mcp.server.lowlevel.server] INFO: Processing request of type CallToolRequest
[mcp.server.lowlevel.server] DEBUG: Dispatching request of type CallToolRequest
[mcp-stata stderr] [mcp.server.lowlevel.server] INFO: Processing request of type CallToolRequest
[mcp.server.lowlevel.server] DEBUG: Dispatching request of type CallToolRequest
[mcp-stata stderr] [mcp.server.lowlevel.server] DEBUG: Response sent
[mcp-stata stderr] [mcp.server.lowlevel.server] DEBUG: Response sent
[mcp-stata stderr] [mcp.server.lowlevel.server] DEBUG: Received message: <mcp.shared.session.RequestResponder object at 0x113676cb0>
[mcp-stata stderr] [mcp.server.lowlevel.server] DEBUG: Received message: <mcp.shared.session.RequestResponder object at 0x113676cb0>
[mcp-stata stderr] [mcp.server.lowlevel.server] INFO: Processing request of type CallToolRequest
[mcp.server.lowlevel.server] DEBUG: Dispatching request of type CallToolRequest
[mcp-stata stderr] [mcp.server.lowlevel.server] INFO: Processing request of type CallToolRequest
[mcp.server.lowlevel.server] DEBUG: Dispatching request of type CallToolRequest
[mcp-stata stderr] [mcp.server.lowlevel.server] DEBUG: Response sent
[mcp-stata stderr] [mcp.server.lowlevel.server] DEBUG: Response sent
[mcp-stata stderr] [mcp.server.lowlevel.server] DEBUG: Received message: <mcp.shared.session.RequestResponder object at 0x113676df0>
[mcp-stata stderr] [mcp.server.lowlevel.server] DEBUG: Received message: <mcp.shared.session.RequestResponder object at 0x113676df0>
[mcp-stata stderr] [mcp.server.lowlevel.server] INFO: Processing request of type CallToolRequest
[mcp.server.lowlevel.server] DEBUG: Dispatching request of type CallToolRequest
[mcp-stata stderr] [mcp.server.lowlevel.server] INFO: Processing request of type CallToolRequest
[mcp.server.lowlevel.server] DEBUG: Dispatching request of type CallToolRequest
[mcp-stata stderr] [mcp.server.lowlevel.server] DEBUG: Response sent
[mcp-stata stderr] [mcp.server.lowlevel.server] DEBUG: Response sent
[mcp-stata stderr] [mcp.server.lowlevel.server] DEBUG: Received message: <mcp.shared.session.RequestResponder object at 0x1136771b0>
[mcp-stata stderr] [mcp.server.lowlevel.server] DEBUG: Received message: <mcp.shared.session.RequestResponder object at 0x1136771b0>
[mcp-stata stderr] [mcp.server.lowlevel.server] INFO: Processing request of type CallToolRequest
[mcp.server.lowlevel.server] DEBUG: Dispatching request of type CallToolRequest
[mcp-stata stderr] [mcp.server.lowlevel.server] INFO: Processing request of type CallToolRequest
[mcp.server.lowlevel.server] DEBUG: Dispatching request of type CallToolRequest
[mcp-stata stderr] [mcp.server.lowlevel.server] DEBUG: Response sent
[mcp-stata stderr] [mcp.server.lowlevel.server] DEBUG: Response sent
[mcp-stata stderr] [mcp.server.lowlevel.server] DEBUG: Received message: <mcp.shared.session.RequestResponder object at 0x113676cb0>
[mcp-stata stderr] [mcp.server.lowlevel.server] DEBUG: Received message: <mcp.shared.session.RequestResponder object at 0x113676cb0>
[mcp-stata stderr] [mcp.server.lowlevel.server] INFO: Processing request of type CallToolRequest
[mcp.server.lowlevel.server] DEBUG: Dispatching request of type CallToolRequest
[mcp-stata stderr] [mcp.server.lowlevel.server] INFO: Processing request of type CallToolRequest
[mcp.server.lowlevel.server] DEBUG: Dispatching request of type CallToolRequest
[mcp-stata stderr] [mcp.server.lowlevel.server] DEBUG: Response sent
[mcp-stata stderr] [mcp.server.lowlevel.server] DEBUG: Response sent
[mcp-stata stderr] [mcp.server.lowlevel.server] DEBUG: Received message: <mcp.shared.session.RequestResponder object at 0x113676df0>
[mcp-stata stderr] [mcp.server.lowlevel.server] DEBUG: Received message: <mcp.shared.session.RequestResponder object at 0x113676df0>
[mcp-stata stderr] [mcp.server.lowlevel.server] INFO: Processing request of type CallToolRequest
[mcp.server.lowlevel.server] DEBUG: Dispatching request of type CallToolRequest
[mcp-stata stderr] [mcp.server.lowlevel.server] INFO: Processing request of type CallToolRequest
[mcp.server.lowlevel.server] DEBUG: Dispatching request of type CallToolRequest
[mcp-stata stderr] [mcp.server.lowlevel.server] DEBUG: Response sent
[mcp-stata stderr] [mcp.server.lowlevel.server] DEBUG: Response sent
[mcp-stata stderr] [mcp.server.lowlevel.server] DEBUG: Received message: <mcp.shared.session.RequestResponder object at 0x113676fd0>
[mcp-stata stderr] [mcp.server.lowlevel.server] DEBUG: Received message: <mcp.shared.session.RequestResponder object at 0x113676fd0>
[mcp-stata stderr] [mcp.server.lowlevel.server] INFO: Processing request of type CallToolRequest
[mcp.server.lowlevel.server] DEBUG: Dispatching request of type CallToolRequest
[mcp-stata stderr] [mcp.server.lowlevel.server] INFO: Processing request of type CallToolRequest
[mcp.server.lowlevel.server] DEBUG: Dispatching request of type CallToolRequest
[mcp-stata stderr] [mcp.server.lowlevel.server] DEBUG: Response sent
[mcp-stata stderr] [mcp.server.lowlevel.server] DEBUG: Response sent
[mcp-stata stderr] [mcp.server.lowlevel.server] DEBUG: Received message: <mcp.shared.session.RequestResponder object at 0x113676cb0>
[mcp-stata stderr] [mcp.server.lowlevel.server] DEBUG: Received message: <mcp.shared.session.RequestResponder object at 0x113676cb0>
[mcp-stata stderr] [mcp.server.lowlevel.server] INFO: Processing request of type CallToolRequest
[mcp.server.lowlevel.server] DEBUG: Dispatching request of type CallToolRequest
[mcp-stata stderr] [mcp.server.lowlevel.server] INFO: Processing request of type CallToolRequest
[mcp.server.lowlevel.server] DEBUG: Dispatching request of type CallToolRequest
[mcp-stata stderr] [mcp.server.lowlevel.server] DEBUG: Response sent
[mcp-stata stderr] [mcp.server.lowlevel.server] DEBUG: Response sent
[mcp-stata stderr] [mcp.server.lowlevel.server] DEBUG: Received message: <mcp.shared.session.RequestResponder object at 0x113676df0>
[mcp-stata stderr] [mcp.server.lowlevel.server] DEBUG: Received message: <mcp.shared.session.RequestResponder object at 0x113676df0>
[mcp-stata stderr] [mcp.server.lowlevel.server] INFO: Processing request of type CallToolRequest
[mcp.server.lowlevel.server] DEBUG: Dispatching request of type CallToolRequest
[mcp-stata stderr] [mcp.server.lowlevel.server] INFO: Processing request of type CallToolRequest
[mcp.server.lowlevel.server] DEBUG: Dispatching request of type CallToolRequest
[mcp-stata stderr] [mcp.server.lowlevel.server] DEBUG: Response sent
[mcp-stata stderr] [mcp.server.lowlevel.server] DEBUG: Response sent
[mcp-stata stderr] [mcp.server.lowlevel.server] DEBUG: Received message: <mcp.shared.session.RequestResponder object at 0x113677070>
[mcp-stata stderr] [mcp.server.lowlevel.server] DEBUG: Received message: <mcp.shared.session.RequestResponder object at 0x113677070>
[mcp-stata stderr] [mcp.server.lowlevel.server] INFO: Processing request of type CallToolRequest
[mcp.server.lowlevel.server] DEBUG: Dispatching request of type CallToolRequest
[mcp-stata stderr] [mcp.server.lowlevel.server] INFO: Processing request of type CallToolRequest
[mcp.server.lowlevel.server] DEBUG: Dispatching request of type CallToolRequest
[mcp-stata stderr] [mcp.server.lowlevel.server] DEBUG: Response sent
[mcp-stata stderr] [mcp.server.lowlevel.server] DEBUG: Response sent
[mcp-stata stderr] [mcp.server.lowlevel.server] DEBUG: Received message: <mcp.shared.session.RequestResponder object at 0x113676cb0>
[mcp-stata stderr] [mcp.server.lowlevel.server] DEBUG: Received message: <mcp.shared.session.RequestResponder object at 0x113676cb0>
[mcp-stata stderr] [mcp.server.lowlevel.server] INFO: Processing request of type CallToolRequest
[mcp.server.lowlevel.server] DEBUG: Dispatching request of type CallToolRequest
[mcp-stata stderr] [mcp.server.lowlevel.server] INFO: Processing request of type CallToolRequest
[mcp.server.lowlevel.server] DEBUG: Dispatching request of type CallToolRequest
[mcp-stata stderr] [mcp.server.lowlevel.server] DEBUG: Response sent
[mcp-stata stderr] [mcp.server.lowlevel.server] DEBUG: Response sent
[mcp-stata stderr] [mcp_stata] INFO: stata.run(stream) rc=0 success=True trace=False duration_ms=51.36 code_preview=sysuse auto, clear
[mcp_stata] INFO: stata.run(stream) rc=0 success=True trace=False duration_ms=51.36 code_preview=sysuse auto, clear
[mcp-stata stderr] [mcp_stata] INFO: stata.run(stream) rc=0 success=True trace=False duration_ms=51.36 code_preview=sysuse auto, clear
[mcp_stata] INFO: stata.run(stream) rc=0 success=True trace=False duration_ms=51.36 code_preview=sysuse auto, clear
[mcp-stata stderr] [mcp.server.lowlevel.server] DEBUG: Response sent
[mcp-stata stderr] [mcp.server.lowlevel.server] DEBUG: Response sent
[mcp-stata stderr] [mcp.server.lowlevel.server] DEBUG: Received message: <mcp.shared.session.RequestResponder object at 0x10f7647d0>
[mcp-stata stderr] [mcp.server.lowlevel.server] DEBUG: Received message: <mcp.shared.session.RequestResponder object at 0x10f7647d0>
[mcp-stata stderr] [mcp.server.lowlevel.server] INFO: Processing request of type CallToolRequest
[mcp-stata stderr] [mcp.server.lowlevel.server] INFO: Processing request of type CallToolRequest
[mcp-stata stderr] [mcp.server.lowlevel.server] DEBUG: Dispatching request of type CallToolRequest
[mcp-stata stderr] [mcp.server.lowlevel.server] DEBUG: Dispatching request of type CallToolRequest
[mcp-stata stderr] [mcp.server.lowlevel.server] DEBUG: Response sent
[mcp-stata stderr] [mcp.server.lowlevel.server] DEBUG: Response sent
[mcp-stata stderr] [mcp.server.lowlevel.server] DEBUG: Received message: <mcp.shared.session.RequestResponder object at 0x10f67c550>
[mcp-stata stderr] [mcp.server.lowlevel.server] DEBUG: Received message: <mcp.shared.session.RequestResponder object at 0x10f67c550>
[mcp-stata stderr] [mcp.server.lowlevel.server] INFO: Processing request of type CallToolRequest
[mcp-stata stderr] [mcp.server.lowlevel.server] INFO: Processing request of type CallToolRequest
[mcp-stata stderr] [mcp.server.lowlevel.server] DEBUG: Dispatching request of type CallToolRequest
[mcp-stata stderr] [mcp.server.lowlevel.server] DEBUG: Dispatching request of type CallToolRequest
[mcp-stata stderr] [mcp.server.lowlevel.server] DEBUG: Response sent
[mcp-stata stderr] [mcp.server.lowlevel.server] DEBUG: Response sent
[mcp-stata stderr] [mcp.server.lowlevel.server] DEBUG: Received message: <mcp.shared.session.RequestResponder object at 0x10f764690>
[mcp-stata stderr] [mcp.server.lowlevel.server] DEBUG: Received message: <mcp.shared.session.RequestResponder object at 0x10f764690>
[mcp-stata stderr] [mcp.server.lowlevel.server] INFO: Processing request of type CallToolRequest
[mcp.server.lowlevel.server] DEBUG: Dispatching request of type CallToolRequest
[mcp-stata stderr] [mcp.server.lowlevel.server] INFO: Processing request of type CallToolRequest
[mcp.server.lowlevel.server] DEBUG: Dispatching request of type CallToolRequest
[mcp-stata stderr] [mcp.server.lowlevel.server] DEBUG: Response sent
[mcp-stata stderr] [mcp.server.lowlevel.server] DEBUG: Response sent
[mcp-stata stderr] [mcp.server.lowlevel.server] DEBUG: Received message: <mcp.shared.session.RequestResponder object at 0x10f67c550>
[mcp-stata stderr] [mcp.server.lowlevel.server] DEBUG: Received message: <mcp.shared.session.RequestResponder object at 0x10f67c550>
[mcp-stata stderr] [mcp.server.lowlevel.server] INFO: Processing request of type CallToolRequest
[mcp.server.lowlevel.server] DEBUG: Dispatching request of type CallToolRequest
[mcp-stata stderr] [mcp.server.lowlevel.server] INFO: Processing request of type CallToolRequest
[mcp.server.lowlevel.server] DEBUG: Dispatching request of type CallToolRequest
[mcp-stata stderr] [mcp.server.lowlevel.server] DEBUG: Response sent
[mcp-stata stderr] [mcp.server.lowlevel.server] DEBUG: Response sent
[mcp-stata stderr] [mcp.server.lowlevel.server] DEBUG: Received message: <mcp.shared.session.RequestResponder object at 0x10f583cf0>
[mcp-stata stderr] [mcp.server.lowlevel.server] DEBUG: Received message: <mcp.shared.session.RequestResponder object at 0x10f583cf0>
[mcp-stata stderr] [mcp.server.lowlevel.server] INFO: Processing request of type CallToolRequest
[mcp.server.lowlevel.server] DEBUG: Dispatching request of type CallToolRequest
[mcp-stata stderr] [mcp.server.lowlevel.server] INFO: Processing request of type CallToolRequest
[mcp.server.lowlevel.server] DEBUG: Dispatching request of type CallToolRequest
[mcp-stata stderr] [mcp.server.lowlevel.server] DEBUG: Response sent
[mcp-stata stderr] [mcp.server.lowlevel.server] DEBUG: Response sent
[mcp-stata stderr] [mcp.server.lowlevel.server] DEBUG: Received message: <mcp.shared.session.RequestResponder object at 0x10f582530>
[mcp-stata stderr] [mcp.server.lowlevel.server] DEBUG: Received message: <mcp.shared.session.RequestResponder object at 0x10f582530>
[mcp-stata stderr] [mcp.server.lowlevel.server] INFO: Processing request of type CallToolRequest
[mcp.server.lowlevel.server] DEBUG: Dispatching request of type CallToolRequest
[mcp-stata stderr] [mcp.server.lowlevel.server] INFO: Processing request of type CallToolRequest
[mcp.server.lowlevel.server] DEBUG: Dispatching request of type CallToolRequest
[mcp-stata stderr] [mcp.server.lowlevel.server] DEBUG: Response sent
[mcp-stata stderr] [mcp.server.lowlevel.server] DEBUG: Response sent
[mcp-stata stderr] [mcp.server.lowlevel.server] DEBUG: Received message: <mcp.shared.session.RequestResponder object at 0x10f582d50>
[mcp-stata stderr] [mcp.server.lowlevel.server] DEBUG: Received message: <mcp.shared.session.RequestResponder object at 0x10f582d50>
[mcp-stata stderr] [mcp.server.lowlevel.server] INFO: Processing request of type CallToolRequest
[mcp.server.lowlevel.server] DEBUG: Dispatching request of type CallToolRequest
[mcp-stata stderr] [mcp.server.lowlevel.server] INFO: Processing request of type CallToolRequest
[mcp.server.lowlevel.server] DEBUG: Dispatching request of type CallToolRequest
[mcp-stata stderr] [mcp.server.lowlevel.server] DEBUG: Response sent
[mcp-stata stderr] [mcp.server.lowlevel.server] DEBUG: Response sent
[mcp-stata stderr] [mcp.server.lowlevel.server] DEBUG: Received message: <mcp.shared.session.RequestResponder object at 0x10f5825d0>
[mcp-stata stderr] [mcp.server.lowlevel.server] DEBUG: Received message: <mcp.shared.session.RequestResponder object at 0x10f5825d0>
[mcp-stata stderr] [mcp.server.lowlevel.server] INFO: Processing request of type CallToolRequest
[mcp.server.lowlevel.server] DEBUG: Dispatching request of type CallToolRequest
[mcp-stata stderr] [mcp.server.lowlevel.server] INFO: Processing request of type CallToolRequest
[mcp.server.lowlevel.server] DEBUG: Dispatching request of type CallToolRequest
[mcp-stata stderr] [mcp.server.lowlevel.server] DEBUG: Response sent
[mcp-stata stderr] [mcp.server.lowlevel.server] DEBUG: Response sent
[mcp-stata stderr] [mcp.server.lowlevel.server] DEBUG: Received message: <mcp.shared.session.RequestResponder object at 0x10f582530>
[mcp-stata stderr] [mcp.server.lowlevel.server] DEBUG: Received message: <mcp.shared.session.RequestResponder object at 0x10f582530>
[mcp-stata stderr] [mcp.server.lowlevel.server] INFO: Processing request of type CallToolRequest
[mcp.server.lowlevel.server] DEBUG: Dispatching request of type CallToolRequest
[mcp-stata stderr] [mcp.server.lowlevel.server] INFO: Processing request of type CallToolRequest
[mcp.server.lowlevel.server] DEBUG: Dispatching request of type CallToolRequest
[mcp-stata stderr] [mcp.server.lowlevel.server] DEBUG: Response sent
[mcp-stata stderr] [mcp.server.lowlevel.server] DEBUG: Response sent
[mcp-stata stderr] [mcp.server.lowlevel.server] DEBUG: Received message: <mcp.shared.session.RequestResponder object at 0x10f5825d0>
[mcp-stata stderr] [mcp.server.lowlevel.server] DEBUG: Received message: <mcp.shared.session.RequestResponder object at 0x10f5825d0>
[mcp-stata stderr] [mcp.server.lowlevel.server] INFO: Processing request of type CallToolRequest
[mcp.server.lowlevel.server] DEBUG: Dispatching request of type CallToolRequest
[mcp-stata stderr] [mcp.server.lowlevel.server] INFO: Processing request of type CallToolRequest
[mcp.server.lowlevel.server] DEBUG: Dispatching request of type CallToolRequest
[mcp-stata stderr] [mcp.server.lowlevel.server] DEBUG: Response sent
[mcp-stata stderr] [mcp.server.lowlevel.server] DEBUG: Response sent
[mcp-stata stderr] [mcp.server.lowlevel.server] DEBUG: Received message: <mcp.shared.session.RequestResponder object at 0x10f7647d0>
[mcp-stata stderr] [mcp.server.lowlevel.server] DEBUG: Received message: <mcp.shared.session.RequestResponder object at 0x10f7647d0>
[mcp-stata stderr] [mcp.server.lowlevel.server] INFO: Processing request of type CallToolRequest
[mcp.server.lowlevel.server] DEBUG: Dispatching request of type CallToolRequest
[mcp-stata stderr] [mcp.server.lowlevel.server] INFO: Processing request of type CallToolRequest
[mcp.server.lowlevel.server] DEBUG: Dispatching request of type CallToolRequest
[mcp-stata stderr] [mcp.server.lowlevel.server] DEBUG: Response sent
[mcp-stata stderr] [mcp.server.lowlevel.server] DEBUG: Response sent
[DataBrowser Proxy] Sending GET request to http://127.0.0.1:52916/v1/dataset
[DataBrowser Proxy] Response from /v1/dataset: Status 200, Body length: 119
[DataBrowser Proxy] Sending POST request to http://127.0.0.1:52916/v1/arrow with body length 85
[DataBrowser Proxy] Response from /v1/arrow: Status 200, Body length: 280
[DataBrowser Proxy] Sending GET request to http://127.0.0.1:52934/v1/error
[DataBrowser Proxy] Response from /v1/error: Status 400, Body length: 23

--- end MCP log tail ---
